#-----------------------------------------------------------
# Vivado v2025.2 (64-bit)
# SW Build 6299465 on Fri Nov 14 19:35:11 GMT 2025
# IP Build 6300035 on Fri Nov 14 10:48:45 MST 2025
# SharedData Build 6298862 on Thu Nov 13 04:50:51 MST 2025
# Start of session at: Sat Mar 14 23:39:28 2026
# Process ID         : 16080
# Current directory  : C:/Users/HyunWoo/Desktop/HDMI_demo/HDMI_demo.runs/rgb2dvi_0_synth_1
# Command line       : vivado.exe -log rgb2dvi_0.vds -product Vivado -mode batch -messageDb vivado.pb -notrace -source rgb2dvi_0.tcl
# Log file           : C:/Users/HyunWoo/Desktop/HDMI_demo/HDMI_demo.runs/rgb2dvi_0_synth_1/rgb2dvi_0.vds
# Journal file       : C:/Users/HyunWoo/Desktop/HDMI_demo/HDMI_demo.runs/rgb2dvi_0_synth_1\vivado.jou
# Running On         : DESKTOP-CLDIC98
# Platform           : Windows Server 2016 or Windows 10
# Operating System   : 19045
# Processor Detail   : AMD Ryzen 7 5800X 8-Core Processor             
# CPU Frequency      : 3800 MHz
# CPU Physical cores : 8
# CPU Logical cores  : 16
# Host memory        : 17067 MB
# Swap memory        : 51539 MB
# Total Virtual      : 68607 MB
# Available Virtual  : 46272 MB
#-----------------------------------------------------------
source rgb2dvi_0.tcl -notrace
